
> Configure project :
Fabric Loom: 1.13.6

> Task :exportClasspath

> Task :compileJava
.\gradlew.bat : Note: C:\Users\selim\Documents\oneauras-cps-coun
ter\src\main\java\com\oneaura\cpscounter\OneaurasCPSCounterClien
t.java uses or overrides a deprecated API.
At line:1 char:1
+ .\gradlew.bat build 2>&1 | Out-File -FilePath 
C:\Users\selim\Document ...
+ ~~~~~~~~~~~~~~~~~~~~~~~~
    + CategoryInfo          : NotSpecified: (Note: C:\Users\... 
   deprecated API.:String) [], RemoteException
    + FullyQualifiedErrorId : NativeCommandError
 
Note: Recompile with -Xlint:deprecation for details.
Note: C:\Users\selim\Documents\oneauras-cps-counter\src\main\jav
a\com\oneaura\cpscounter\configlib\gui\ClothConfigScreenBuilder.
java uses unchecked or unsafe operations.
Note: Recompile with -Xlint:unchecked for details.

> Task :processResources
> Task :classes
> Task :jar
> Task :processIncludeJars UP-TO-DATE
> Task :sourcesJar
> Task :compileTestJava NO-SOURCE
> Task :processTestResources NO-SOURCE
> Task :testClasses UP-TO-DATE
> Task :test NO-SOURCE
> Task :validateAccessWidener NO-SOURCE
> Task :check UP-TO-DATE
> Task :remapSourcesJar
> Task :remapJar
> Task :assemble
> Task :build

[Incubating] Problems report is available at: file:///C:/Users/selim/Documents/oneauras-cps-counter/build/reports/problems/problems-report.html

BUILD SUCCESSFUL in 2s
8 actionable tasks: 7 executed, 1 up-to-date
